131b432f-1f84-4f8f-9d55-41e868a6bc5d
OK
12
-1 0
0 -1
0 -1
-1 0
