131b432f-1f84-4f8f-9d55-41e868a6bc5d
OK
6
0 -1 1 2
1 -1 0 2
2 -1 0 1
0 1 2 -1
