131b432f-1f84-4f8f-9d55-41e868a6bc5d
OK
25
0 1 2 3 -1 -1 -1 -1 -1 4
2 -1 -1 -1 -1 -1 0 1 3 4
0 1 3 -1 -1 -1 -1 -1 2 4
1 3 -1 -1 -1 -1 -1 0 2 4
0 1 2 3 4 -1 -1 -1 -1 -1
0 1 2 3 4 -1 -1 -1 -1 -1
0 2 4 -1 -1 -1 -1 -1 1 3
-1 -1 -1 -1 -1 0 1 2 3 4
4 -1 -1 -1 -1 -1 0 1 2 3
4 -1 -1 -1 -1 -1 0 1 2 3
