131b432f-1f84-4f8f-9d55-41e868a6bc5d
OK
47
0 1 3 4 6 8 2 5 7 9
0 1 3 4 6 8 2 5 7 9
0 1 2 3 5 6 8 4 7 9
5 7 8 0 1 2 3 4 6 9
1 3 5 7 9 0 2 4 6 8
0 1 2 3 5 7 9 4 6 8
0 2 4 5 7 9 1 3 6 8
2 4 6 7 9 0 1 3 5 8
2 4 6 8 9 0 1 3 5 7
0 1 2 3 4 5 6 7 8 9
