131b432f-1f84-4f8f-9d55-41e868a6bc5d
OK
45
0 1 2 3 4 5 7 -1 6 8
0 1 2 3 5 7 -1 4 6 8
0 1 3 5 7 -1 2 4 6 8
5 7 -1 0 1 2 3 4 6 8
5 7 -1 0 1 2 3 4 6 8
0 1 2 3 6 8 -1 4 5 7
4 6 8 -1 0 1 2 3 5 7
2 4 6 8 -1 0 1 3 5 7
0 1 2 4 6 8 -1 3 5 7
3 4 6 8 -1 0 1 2 5 7
