131b432f-1f84-4f8f-9d55-41e868a6bc5d
OK
40
0 2 4 6 -1 -1 1 3 5 7
1 2 4 6 -1 -1 0 3 5 7
1 2 4 6 -1 -1 0 3 5 7
0 1 3 4 6 -1 -1 2 5 7
0 1 3 5 6 -1 -1 2 4 7
1 3 5 7 -1 -1 0 2 4 6
0 2 3 5 7 -1 -1 1 4 6
3 5 7 -1 -1 0 1 2 4 6
0 2 4 5 7 -1 -1 1 3 6
7 -1 -1 0 1 2 3 4 5 6
