131b432f-1f84-4f8f-9d55-41e868a6bc5d
OK
24057831018
6 8 0 1 2 3 4 5 7 9
0 1 2 4 6 8 3 5 7 9
0 1 2 3 4 6 8 5 7 9
0 2 4 6 8 1 3 5 7 9
2 4 6 8 0 1 3 5 7 9
1 3 5 7 9 0 2 4 6 8
0 1 3 5 7 9 2 4 6 8
3 5 7 9 0 1 2 4 6 8
1 3 5 7 9 0 2 4 6 8
0 2 4 5 7 9 1 3 6 8
