131b432f-1f84-4f8f-9d55-41e868a6bc5d
OK
13
0 1 2 3
0 1 2 3
2 0 1 3
3 0 1 2
